---
source: tests/it/main.rs
expression: parse_from_output(&stdout)
---
validated: {}

