---
source: src/discover.rs
expression: snap
---
["/_meta/partition","/_meta/offset"]
{
  "type": "object",
  "if": {
    "properties": {
      "_meta": {
        "properties": {
          "op": {
            "const": "d"
          }
        }
      }
    }
  },
  "then": {
    "reduce": {
      "delete": true,
      "strategy": "merge"
    }
  },
  "required": [
    "_meta"
  ],
  "properties": {
    "_meta": {
      "type": "object",
      "required": [
        "offset",
        "op",
        "partition",
        "topic"
      ],
      "properties": {
        "offset": {
          "description": "The offset of the message within the partition",
          "type": "integer"
        },
        "op": {
          "description": "Change operation type: 'c' Create/Insert, 'u' Update, 'd' Delete.",
          "enum": [
            "c",
            "u",
            "d"
          ]
        },
        "partition": {
          "description": "The partition the message was read from",
          "type": "integer"
        },
        "topic": {
          "description": "The topic the message was read from",
          "type": "string"
        }
      }
    }
  },
  "x-infer-schema": true
}
