---
source: tests/test.rs
expression: snap
---
["acmeCo/avro-topic",{"_meta":{"headers":{"header-key":"header-value-0"},"offset":0,"op":"u","partition":0,"timestamp":{"creationTime":"1970-01-02T00:00:00Z"},"topic":"avro-topic","uuid":"DocUUIDPlaceholder-329Bb50aa48EAa9ef"},"idx":0,"nested":{"sub_id":0},"value":"value-0"}]
["acmeCo/avro-topic",{"_meta":{"headers":{"header-key":"header-value-3"},"offset":1,"op":"u","partition":0,"timestamp":{"creationTime":"1970-01-05T00:00:00Z"},"topic":"avro-topic","uuid":"DocUUIDPlaceholder-329Bb50aa48EAa9ef"},"idx":3,"nested":{"sub_id":3},"value":"value-3"}]
["acmeCo/avro-topic",{"_meta":{"headers":{"header-key":"header-value-6"},"offset":2,"op":"u","partition":0,"timestamp":{"creationTime":"1970-01-08T00:00:00Z"},"topic":"avro-topic","uuid":"DocUUIDPlaceholder-329Bb50aa48EAa9ef"},"idx":6,"nested":{"sub_id":6},"value":"value-6"}]
["acmeCo/avro-topic",{"_meta":{"headers":{"header-key":"header-value-0"},"offset":3,"op":"d","partition":0,"timestamp":{"creationTime":"1970-01-02T00:00:00Z"},"topic":"avro-topic","uuid":"DocUUIDPlaceholder-329Bb50aa48EAa9ef"},"idx":0,"nested":{"sub_id":0}}]
["acmeCo/avro-topic",{"_meta":{"headers":{"header-key":"header-value-7"},"offset":2,"op":"u","partition":1,"timestamp":{"creationTime":"1970-01-09T00:00:00Z"},"topic":"avro-topic","uuid":"DocUUIDPlaceholder-329Bb50aa48EAa9ef"},"idx":7,"nested":{"sub_id":7},"value":"value-7"}]
["acmeCo/avro-topic",{"_meta":{"headers":{"header-key":"header-value-1"},"offset":3,"op":"d","partition":1,"timestamp":{"creationTime":"1970-01-03T00:00:00Z"},"topic":"avro-topic","uuid":"DocUUIDPlaceholder-329Bb50aa48EAa9ef"},"idx":1,"nested":{"sub_id":1}}]
["acmeCo/avro-topic",{"_meta":{"headers":{"header-key":"header-value-8"},"offset":2,"op":"u","partition":2,"timestamp":{"creationTime":"1970-01-10T00:00:00Z"},"topic":"avro-topic","uuid":"DocUUIDPlaceholder-329Bb50aa48EAa9ef"},"idx":8,"nested":{"sub_id":8},"value":"value-8"}]
["acmeCo/avro-topic",{"_meta":{"headers":{"header-key":"header-value-2"},"offset":3,"op":"d","partition":2,"timestamp":{"creationTime":"1970-01-04T00:00:00Z"},"topic":"avro-topic","uuid":"DocUUIDPlaceholder-329Bb50aa48EAa9ef"},"idx":2,"nested":{"sub_id":2}}]
["acmeCo/json-schema-topic",{"_meta":{"headers":{"header-key":"header-value-0"},"offset":0,"op":"u","partition":0,"timestamp":{"creationTime":"1970-01-02T00:00:00Z"},"topic":"json-schema-topic","uuid":"DocUUIDPlaceholder-329Bb50aa48EAa9ef"},"idx":0,"nested":{"sub_id":0},"value":"value-0"}]
["acmeCo/json-schema-topic",{"_meta":{"headers":{"header-key":"header-value-3"},"offset":1,"op":"u","partition":0,"timestamp":{"creationTime":"1970-01-05T00:00:00Z"},"topic":"json-schema-topic","uuid":"DocUUIDPlaceholder-329Bb50aa48EAa9ef"},"idx":3,"nested":{"sub_id":3},"value":"value-3"}]
["acmeCo/json-schema-topic",{"_meta":{"headers":{"header-key":"header-value-6"},"offset":2,"op":"u","partition":0,"timestamp":{"creationTime":"1970-01-08T00:00:00Z"},"topic":"json-schema-topic","uuid":"DocUUIDPlaceholder-329Bb50aa48EAa9ef"},"idx":6,"nested":{"sub_id":6},"value":"value-6"}]
["acmeCo/json-schema-topic",{"_meta":{"headers":{"header-key":"header-value-0"},"offset":3,"op":"d","partition":0,"timestamp":{"creationTime":"1970-01-02T00:00:00Z"},"topic":"json-schema-topic","uuid":"DocUUIDPlaceholder-329Bb50aa48EAa9ef"},"idx":0,"nested":{"sub_id":0}}]
["acmeCo/json-schema-topic",{"_meta":{"headers":{"header-key":"header-value-7"},"offset":2,"op":"u","partition":1,"timestamp":{"creationTime":"1970-01-09T00:00:00Z"},"topic":"json-schema-topic","uuid":"DocUUIDPlaceholder-329Bb50aa48EAa9ef"},"idx":7,"nested":{"sub_id":7},"value":"value-7"}]
["acmeCo/json-schema-topic",{"_meta":{"headers":{"header-key":"header-value-1"},"offset":3,"op":"d","partition":1,"timestamp":{"creationTime":"1970-01-03T00:00:00Z"},"topic":"json-schema-topic","uuid":"DocUUIDPlaceholder-329Bb50aa48EAa9ef"},"idx":1,"nested":{"sub_id":1}}]
["acmeCo/json-schema-topic",{"_meta":{"headers":{"header-key":"header-value-8"},"offset":2,"op":"u","partition":2,"timestamp":{"creationTime":"1970-01-10T00:00:00Z"},"topic":"json-schema-topic","uuid":"DocUUIDPlaceholder-329Bb50aa48EAa9ef"},"idx":8,"nested":{"sub_id":8},"value":"value-8"}]
["acmeCo/json-schema-topic",{"_meta":{"headers":{"header-key":"header-value-2"},"offset":3,"op":"d","partition":2,"timestamp":{"creationTime":"1970-01-04T00:00:00Z"},"topic":"json-schema-topic","uuid":"DocUUIDPlaceholder-329Bb50aa48EAa9ef"},"idx":2,"nested":{"sub_id":2}}]
["acmeCo/json-raw-topic",{"_key":"eyJrZXkiOjB9","_meta":{"headers":{"header-key":"header-value-0"},"offset":0,"op":"u","partition":0,"timestamp":{"creationTime":"1970-01-02T00:00:00Z"},"topic":"json-raw-topic","uuid":"DocUUIDPlaceholder-329Bb50aa48EAa9ef"},"payload":0}]
["acmeCo/json-raw-topic",{"_key":"eyJrZXkiOjN9","_meta":{"headers":{"header-key":"header-value-3"},"offset":1,"op":"u","partition":0,"timestamp":{"creationTime":"1970-01-05T00:00:00Z"},"topic":"json-raw-topic","uuid":"DocUUIDPlaceholder-329Bb50aa48EAa9ef"},"payload":3}]
["acmeCo/json-raw-topic",{"_key":"eyJrZXkiOjZ9","_meta":{"headers":{"header-key":"header-value-6"},"offset":2,"op":"u","partition":0,"timestamp":{"creationTime":"1970-01-08T00:00:00Z"},"topic":"json-raw-topic","uuid":"DocUUIDPlaceholder-329Bb50aa48EAa9ef"},"payload":6}]
["acmeCo/json-raw-topic",{"_key":"eyJrZXkiOjB9","_meta":{"headers":{"header-key":"header-value-0"},"offset":3,"op":"d","partition":0,"timestamp":{"creationTime":"1970-01-02T00:00:00Z"},"topic":"json-raw-topic","uuid":"DocUUIDPlaceholder-329Bb50aa48EAa9ef"}}]
["acmeCo/json-raw-topic",{"_key":"eyJrZXkiOjd9","_meta":{"headers":{"header-key":"header-value-7"},"offset":2,"op":"u","partition":1,"timestamp":{"creationTime":"1970-01-09T00:00:00Z"},"topic":"json-raw-topic","uuid":"DocUUIDPlaceholder-329Bb50aa48EAa9ef"},"payload":7}]
["acmeCo/json-raw-topic",{"_key":"eyJrZXkiOjF9","_meta":{"headers":{"header-key":"header-value-1"},"offset":3,"op":"d","partition":1,"timestamp":{"creationTime":"1970-01-03T00:00:00Z"},"topic":"json-raw-topic","uuid":"DocUUIDPlaceholder-329Bb50aa48EAa9ef"}}]
["acmeCo/json-raw-topic",{"_key":"eyJrZXkiOjh9","_meta":{"headers":{"header-key":"header-value-8"},"offset":2,"op":"u","partition":2,"timestamp":{"creationTime":"1970-01-10T00:00:00Z"},"topic":"json-raw-topic","uuid":"DocUUIDPlaceholder-329Bb50aa48EAa9ef"},"payload":8}]
["acmeCo/json-raw-topic",{"_key":"eyJrZXkiOjJ9","_meta":{"headers":{"header-key":"header-value-2"},"offset":3,"op":"d","partition":2,"timestamp":{"creationTime":"1970-01-04T00:00:00Z"},"topic":"json-raw-topic","uuid":"DocUUIDPlaceholder-329Bb50aa48EAa9ef"}}]
["connectorState",{"updated":{"bindingStateV1":{"avro-topic":{"partitions":{"0":3,"1":3,"2":3}},"json-raw-topic":{"partitions":{"0":3,"1":3,"2":3}},"json-schema-topic":{"partitions":{"0":3,"1":3,"2":3}}}}}]
